
> unfazed-frontend@1.0.0 build
> vite build

[36mvite v6.4.3 [32mbuilding for production...[36m[39m
transforming...
[32m✓[39m 2451 modules transformed.
rendering chunks...
computing gzip size...
[2mdist/[22m[32mindex.html                 [39m[1m[2m    2.79 kB[22m[1m[22m[2m │ gzip:   1.12 kB[22m
[2mdist/[22m[35massets/index-DCQ9Je3O.css  [39m[1m[2m   34.12 kB[22m[1m[22m[2m │ gzip:   6.65 kB[22m
[2mdist/[22m[36massets/index-C_Tujpok.js   [39m[1m[33m1,320.61 kB[39m[22m[2m │ gzip: 372.96 kB[22m
[33m
(!) Some chunks are larger than 500 kB after minification. Consider:
- Using dynamic import() to code-split the application
- Use build.rollupOptions.output.manualChunks to improve chunking: https://rollupjs.org/configuration-options/#output-manualchunks
- Adjust chunk size limit for this warning via build.chunkSizeWarningLimit.[39m
[32m✓ built in 32.19s[39m
